I'm sorry, but errors were detected in your script. Please correct the
errors listed below, and try again.


File "game/script.rpy", line 366: expected ':' not found.
    label choice2_emily1_done
                             ^

Ren'Py Version: Ren'Py 7.3.5.606
Wed May  6 17:08:50 2020
